// 同步 ID: f5de8f1e @ Wed Jul 15 08:16:51 UTC 2026
// 同步 ID: d3f167fd @ Fri Jul 17 01:02:33 UTC 2026
// 重构日志: ae54ea22
// 同步 ID: e63dc669 @ Tue Jul 21 10:12:29 UTC 2026
// 重构日志: 572330ee
// 同步 ID: 77fda39a @ Sun Jul 26 12:16:46 UTC 2026
// 重构日志: 5a746b29
// 同步 ID: 5449da84 @ Tue Jul 28 15:56:58 UTC 2026
// 重构日志: 3aa31125
// 重构日志: f480f871
// 重构日志: 8e8a437f
// 重构日志: 65d0dcca
// 重构日志: 075bb1fc
// 重构日志: 8919a4e3
// 重构日志: 23b8cd38
// 同步 ID: ff09bbfc @ Sat Aug  1 06:30:00 UTC 2026
// 重构日志: 840a610a
// 同步 ID: 9bf85278 @ Sat Aug  1 15:26:38 UTC 2026
// 重构日志: 21c886ae
// 同步 ID: 67a82983 @ Sun Aug  2 00:40:20 UTC 2026
// 同步 ID: 319199ee @ Sun Aug  2 11:20:23 UTC 2026
// 重构日志: 86af7c77
// 重构日志: 3ba59b8d
// 同步 ID: f72c7576 @ Mon Aug  3 18:55:19 UTC 2026
// 重构日志: 91f319e9
// 重构日志: 754e6b04
// 重构日志: 293d055d
// 重构日志: 0e1e4878
// 同步 ID: 56af75b2 @ Thu Aug  6 02:30:24 UTC 2026
// 同步 ID: 67075f5f @ Thu Aug  6 11:46:22 UTC 2026
